WARNING: Ignoring invalid distribution ~ip (C:\Users\khana\Downloads\BorrowerData_RealData_Prototype\BorrowerData\.venv\Lib\site-packages)
WARNING: Ignoring invalid distribution ~ip (C:\Users\khana\Downloads\BorrowerData_RealData_Prototype\BorrowerData\.venv\Lib\site-packages)
Requirement already satisfied: pip in .\.venv\Lib\site-packages (26.2.1)
WARNING: Ignoring invalid distribution ~ip (C:\Users\khana\Downloads\BorrowerData_RealData_Prototype\BorrowerData\.venv\Lib\site-packages)
WARNING: Ignoring invalid distribution ~ip (C:\Users\khana\Downloads\BorrowerData_RealData_Prototype\BorrowerData\.venv\Lib\site-packages)
WARNING: Ignoring invalid distribution ~ip (C:\Users\khana\Downloads\BorrowerData_RealData_Prototype\BorrowerData\.venv\Lib\site-packages)
WARNING: Ignoring invalid distribution ~ip (C:\Users\khana\Downloads\BorrowerData_RealData_Prototype\BorrowerData\.venv\Lib\site-packages)
Looking in indexes: https://download.pytorch.org/whl/cpu
Collecting torch<3,>=2.5
  Downloading torch-2.14.0%2Bcpu-cp312-cp312-win_amd64.whl.metadata (38 kB)
Collecting filelock (from torch<3,>=2.5)
  Using cached filelock-3.32.3-py3-none-any.whl.metadata (2.0 kB)
Collecting typing-extensions>=4.10.0 (from torch<3,>=2.5)
  Using cached typing_extensions-4.16.0-py3-none-any.whl.metadata (3.3 kB)
Collecting setuptools>=77.0.3 (from torch<3,>=2.5)
  Using cached setuptools-78.1.0-py3-none-any.whl.metadata (6.6 kB)
Collecting sympy>=1.13.3 (from torch<3,>=2.5)
  Using cached sympy-1.14.0-py3-none-any.whl.metadata (12 kB)
Collecting networkx>=2.5.1 (from torch<3,>=2.5)
  Using cached networkx-3.6.1-py3-none-any.whl.metadata (6.8 kB)
Collecting jinja2 (from torch<3,>=2.5)
  Using cached jinja2-3.1.6-py3-none-any.whl.metadata (2.9 kB)
Collecting fsspec>=0.8.5 (from torch<3,>=2.5)
  Using cached fsspec-2026.7.0-py3-none-any.whl.metadata (10 kB)
Collecting mpmath<1.4,>=1.1.0 (from sympy>=1.13.3->torch<3,>=2.5)
  Using cached mpmath-1.3.0-py3-none-any.whl.metadata (8.6 kB)
Collecting MarkupSafe>=2.0 (from jinja2->torch<3,>=2.5)
  Downloading markupsafe-3.0.3-cp312-cp312-win_amd64.whl.metadata (2.8 kB)
Downloading torch-2.14.0%2Bcpu-cp312-cp312-win_amd64.whl (124.0 MB)
   ---------------------------------------- 124.0/124.0 MB 3.2 MB/s  0:00:41
Using cached fsspec-2026.7.0-py3-none-any.whl (206 kB)
Using cached networkx-3.6.1-py3-none-any.whl (2.1 MB)
Using cached setuptools-78.1.0-py3-none-any.whl (1.3 MB)
Using cached sympy-1.14.0-py3-none-any.whl (6.3 MB)
Using cached mpmath-1.3.0-py3-none-any.whl (536 kB)
Using cached typing_extensions-4.16.0-py3-none-any.whl (45 kB)
Using cached filelock-3.32.3-py3-none-any.whl (98 kB)
Using cached jinja2-3.1.6-py3-none-any.whl (134 kB)
Downloading markupsafe-3.0.3-cp312-cp312-win_amd64.whl (15 kB)
WARNING: Ignoring invalid distribution ~ip (C:\Users\khana\Downloads\BorrowerData_RealData_Prototype\BorrowerData\.venv\Lib\site-packages)
Installing collected packages: mpmath, typing-extensions, sympy, setuptools, networkx, MarkupSafe, fsspec, filelock, jinja2, torch

WARNING: Ignoring invalid distribution ~ip (C:\Users\khana\Downloads\BorrowerData_RealData_Prototype\BorrowerData\.venv\Lib\site-packages)
Successfully installed MarkupSafe-3.0.3 filelock-3.32.3 fsspec-2026.7.0 jinja2-3.1.6 mpmath-1.3.0 networkx-3.6.1 setuptools-78.1.0 sympy-1.14.0 torch-2.14.0+cpu typing-extensions-4.16.0
WARNING: Ignoring invalid distribution ~ip (C:\Users\khana\Downloads\BorrowerData_RealData_Prototype\BorrowerData\.venv\Lib\site-packages)
Collecting numpy<3,>=1.26 (from -r requirements.txt (line 1))
  Downloading numpy-2.5.3-cp312-cp312-win_amd64.whl.metadata (6.6 kB)
Collecting pandas<3,>=2.2 (from -r requirements.txt (line 2))
  Downloading pandas-2.3.3-cp312-cp312-win_amd64.whl.metadata (19 kB)
Collecting scipy<2,>=1.12 (from -r requirements.txt (line 3))
  Using cached scipy-1.18.1-cp312-cp312-win_amd64.whl.metadata (61 kB)
Collecting scikit-learn<2,>=1.4 (from -r requirements.txt (line 4))
  Downloading scikit_learn-1.9.1-cp312-cp312-win_amd64.whl.metadata (9.3 kB)
Collecting streamlit<2,>=1.50 (from -r requirements.txt (line 5))
  Using cached streamlit-1.64.0-py3-none-any.whl.metadata (10 kB)
Collecting plotly<8,>=5.24 (from -r requirements.txt (line 6))
  Using cached plotly-7.1.0-py3-none-any.whl.metadata (8.8 kB)
Requirement already satisfied: torch<3,>=2.5 in .\.venv\Lib\site-packages (from -r requirements.txt (line 7)) (2.14.0+cpu)
Collecting xlrd<3,>=2.0.1 (from -r requirements.txt (line 8))
  Downloading xlrd-2.0.2-py2.py3-none-any.whl.metadata (3.5 kB)
Collecting python-dateutil>=2.8.2 (from pandas<3,>=2.2->-r requirements.txt (line 2))
  Using cached python_dateutil-2.9.0.post0-py2.py3-none-any.whl.metadata (8.4 kB)
Collecting pytz>=2020.1 (from pandas<3,>=2.2->-r requirements.txt (line 2))
  Using cached pytz-2026.3.post1-py2.py3-none-any.whl.metadata (22 kB)
Collecting tzdata>=2022.7 (from pandas<3,>=2.2->-r requirements.txt (line 2))
  Using cached tzdata-2026.4-py2.py3-none-any.whl.metadata (1.4 kB)
Collecting joblib>=1.4.0 (from scikit-learn<2,>=1.4->-r requirements.txt (line 4))
  Using cached joblib-1.6.0-py3-none-any.whl.metadata (6.5 kB)
Collecting narwhals>=2.0.1 (from scikit-learn<2,>=1.4->-r requirements.txt (line 4))
  Using cached narwhals-2.26.0-py3-none-any.whl.metadata (15 kB)
Collecting threadpoolctl>=3.5.0 (from scikit-learn<2,>=1.4->-r requirements.txt (line 4))
  Using cached threadpoolctl-3.7.0-py3-none-any.whl.metadata (24 kB)
Collecting altair!=5.4.0,!=5.4.1,<7,>=5.0.0 (from streamlit<2,>=1.50->-r requirements.txt (line 5))
  Using cached altair-6.3.0-py3-none-any.whl.metadata (11 kB)
Collecting click<9,>=7.0 (from streamlit<2,>=1.50->-r requirements.txt (line 5))
  Using cached click-8.5.0-py3-none-any.whl.metadata (2.6 kB)
Collecting packaging>=20 (from streamlit<2,>=1.50->-r requirements.txt (line 5))
  Using cached packaging-26.3-py3-none-any.whl.metadata (3.5 kB)
Collecting pillow<13,>=7.1.0 (from streamlit<2,>=1.50->-r requirements.txt (line 5))
  Downloading pillow-12.3.0-cp312-cp312-win_amd64.whl.metadata (9.3 kB)
Collecting pydeck<1,>=0.8.0b4 (from streamlit<2,>=1.50->-r requirements.txt (line 5))
  Using cached pydeck-0.9.3-py2.py3-none-any.whl.metadata (4.2 kB)
Collecting protobuf<8,>=5.26.1 (from streamlit<2,>=1.50->-r requirements.txt (line 5))
  Using cached protobuf-7.36.2-cp310-abi3-win_amd64.whl.metadata (595 bytes)
Collecting pyarrow!=25.0.0,<26,>=7.0 (from streamlit<2,>=1.50->-r requirements.txt (line 5))
  Downloading pyarrow-25.0.1-cp312-cp312-win_amd64.whl.metadata (3.0 kB)
Collecting requests<3,>=2.27 (from streamlit<2,>=1.50->-r requirements.txt (line 5))
  Using cached requests-2.34.2-py3-none-any.whl.metadata (4.8 kB)
Collecting toml<2,>=0.10.1 (from streamlit<2,>=1.50->-r requirements.txt (line 5))
  Using cached toml-0.10.2-py2.py3-none-any.whl.metadata (7.1 kB)
Requirement already satisfied: typing-extensions<5,>=4.10.0 in .\.venv\Lib\site-packages (from streamlit<2,>=1.50->-r requirements.txt (line 5)) (4.16.0)
Collecting starlette<2,>=0.46.0 (from streamlit<2,>=1.50->-r requirements.txt (line 5))
  Using cached starlette-1.6.0-py3-none-any.whl.metadata (6.4 kB)
Collecting uvicorn<1,>=0.30.0 (from streamlit<2,>=1.50->-r requirements.txt (line 5))
  Using cached uvicorn-0.53.0-py3-none-any.whl.metadata (6.6 kB)
Collecting httptools<1,>=0.6.3 (from streamlit<2,>=1.50->-r requirements.txt (line 5))
  Using cached httptools-0.8.0-cp312-cp312-win_amd64.whl.metadata (3.7 kB)
Collecting anyio<5,>=4.0.0 (from streamlit<2,>=1.50->-r requirements.txt (line 5))
  Using cached anyio-4.15.1-py3-none-any.whl.metadata (4.7 kB)
Collecting python-multipart<1,>=0.0.10 (from streamlit<2,>=1.50->-r requirements.txt (line 5))
  Using cached python_multipart-0.0.32-py3-none-any.whl.metadata (2.1 kB)
Collecting websockets<17,>=12.0.0 (from streamlit<2,>=1.50->-r requirements.txt (line 5))
  Downloading websockets-16.1.1-cp312-cp312-win_amd64.whl.metadata (7.0 kB)
Collecting itsdangerous<3,>=2.1.2 (from streamlit<2,>=1.50->-r requirements.txt (line 5))
  Using cached itsdangerous-2.2.0-py3-none-any.whl.metadata (1.9 kB)
Collecting watchdog<7,>=2.1.5 (from streamlit<2,>=1.50->-r requirements.txt (line 5))
  Using cached watchdog-6.0.0-py3-none-win_amd64.whl.metadata (44 kB)
Requirement already satisfied: filelock in .\.venv\Lib\site-packages (from torch<3,>=2.5->-r requirements.txt (line 7)) (3.32.3)
Requirement already satisfied: setuptools>=77.0.3 in .\.venv\Lib\site-packages (from torch<3,>=2.5->-r requirements.txt (line 7)) (78.1.0)
Requirement already satisfied: sympy>=1.13.3 in .\.venv\Lib\site-packages (from torch<3,>=2.5->-r requirements.txt (line 7)) (1.14.0)
Requirement already satisfied: networkx>=2.5.1 in .\.venv\Lib\site-packages (from torch<3,>=2.5->-r requirements.txt (line 7)) (3.6.1)
Requirement already satisfied: jinja2 in .\.venv\Lib\site-packages (from torch<3,>=2.5->-r requirements.txt (line 7)) (3.1.6)
Requirement already satisfied: fsspec>=0.8.5 in .\.venv\Lib\site-packages (from torch<3,>=2.5->-r requirements.txt (line 7)) (2026.7.0)
Collecting jsonschema>=3.0 (from altair!=5.4.0,!=5.4.1,<7,>=5.0.0->streamlit<2,>=1.50->-r requirements.txt (line 5))
  Using cached jsonschema-4.26.0-py3-none-any.whl.metadata (7.6 kB)
Collecting idna>=2.8 (from anyio<5,>=4.0.0->streamlit<2,>=1.50->-r requirements.txt (line 5))
  Using cached idna-3.20-py3-none-any.whl.metadata (7.2 kB)
Collecting charset_normalizer<4,>=2 (from requests<3,>=2.27->streamlit<2,>=1.50->-r requirements.txt (line 5))
  Downloading charset_normalizer-3.5.1-cp312-cp312-win_amd64.whl.metadata (46 kB)
Collecting urllib3<3,>=1.26 (from requests<3,>=2.27->streamlit<2,>=1.50->-r requirements.txt (line 5))
  Using cached urllib3-2.8.0-py3-none-any.whl.metadata (7.4 kB)
Collecting certifi>=2023.5.7 (from requests<3,>=2.27->streamlit<2,>=1.50->-r requirements.txt (line 5))
  Using cached certifi-2026.7.22-py3-none-any.whl.metadata (2.5 kB)
Collecting h11>=0.8 (from uvicorn<1,>=0.30.0->streamlit<2,>=1.50->-r requirements.txt (line 5))
  Using cached h11-0.16.0-py3-none-any.whl.metadata (8.3 kB)
Requirement already satisfied: MarkupSafe>=2.0 in .\.venv\Lib\site-packages (from jinja2->torch<3,>=2.5->-r requirements.txt (line 7)) (3.0.3)
Collecting cloudpickle>=3.0 (from joblib>=1.4.0->scikit-learn<2,>=1.4->-r requirements.txt (line 4))
  Using cached cloudpickle-3.1.2-py3-none-any.whl.metadata (7.1 kB)
Collecting attrs>=22.2.0 (from jsonschema>=3.0->altair!=5.4.0,!=5.4.1,<7,>=5.0.0->streamlit<2,>=1.50->-r requirements.txt (line 5))
  Using cached attrs-26.1.0-py3-none-any.whl.metadata (8.8 kB)
Collecting jsonschema-specifications>=2023.03.6 (from jsonschema>=3.0->altair!=5.4.0,!=5.4.1,<7,>=5.0.0->streamlit<2,>=1.50->-r requirements.txt (line 5))
  Using cached jsonschema_specifications-2025.9.1-py3-none-any.whl.metadata (2.9 kB)
Collecting referencing>=0.28.4 (from jsonschema>=3.0->altair!=5.4.0,!=5.4.1,<7,>=5.0.0->streamlit<2,>=1.50->-r requirements.txt (line 5))
  Using cached referencing-0.37.0-py3-none-any.whl.metadata (2.8 kB)
Collecting rpds-py>=0.25.0 (from jsonschema>=3.0->altair!=5.4.0,!=5.4.1,<7,>=5.0.0->streamlit<2,>=1.50->-r requirements.txt (line 5))
  Downloading rpds_py-2026.6.3-cp312-cp312-win_amd64.whl.metadata (4.2 kB)
Collecting six>=1.5 (from python-dateutil>=2.8.2->pandas<3,>=2.2->-r requirements.txt (line 2))
  Using cached six-1.17.0-py2.py3-none-any.whl.metadata (1.7 kB)
Requirement already satisfied: mpmath<1.4,>=1.1.0 in .\.venv\Lib\site-packages (from sympy>=1.13.3->torch<3,>=2.5->-r requirements.txt (line 7)) (1.3.0)
Downloading numpy-2.5.3-cp312-cp312-win_amd64.whl (12.6 MB)
   ---------------------------------------- 12.6/12.6 MB 2.9 MB/s  0:00:04
Downloading pandas-2.3.3-cp312-cp312-win_amd64.whl (11.0 MB)
   ---------------------------------------- 11.0/11.0 MB 4.7 MB/s  0:00:02
Using cached scipy-1.18.1-cp312-cp312-win_amd64.whl (36.7 MB)
Downloading scikit_learn-1.9.1-cp312-cp312-win_amd64.whl (8.3 MB)
   ---------------------------------------- 8.3/8.3 MB 3.4 MB/s  0:00:02
Using cached streamlit-1.64.0-py3-none-any.whl (10.1 MB)
Using cached plotly-7.1.0-py3-none-any.whl (9.7 MB)
Downloading xlrd-2.0.2-py2.py3-none-any.whl (96 kB)
Using cached altair-6.3.0-py3-none-any.whl (797 kB)
Using cached anyio-4.15.1-py3-none-any.whl (132 kB)
Using cached click-8.5.0-py3-none-any.whl (125 kB)
Using cached httptools-0.8.0-cp312-cp312-win_amd64.whl (90 kB)
Using cached itsdangerous-2.2.0-py3-none-any.whl (16 kB)
Downloading pillow-12.3.0-cp312-cp312-win_amd64.whl (7.2 MB)
   ---------------------------------------- 7.2/7.2 MB 3.4 MB/s  0:00:02
Using cached protobuf-7.36.2-cp310-abi3-win_amd64.whl (456 kB)
Downloading pyarrow-25.0.1-cp312-cp312-win_amd64.whl (28.0 MB)
   ---------------------------------------- 28.0/28.0 MB 4.5 MB/s  0:00:06
Using cached pydeck-0.9.3-py2.py3-none-any.whl (11.4 MB)
Using cached python_multipart-0.0.32-py3-none-any.whl (30 kB)
Using cached requests-2.34.2-py3-none-any.whl (73 kB)
Downloading charset_normalizer-3.5.1-cp312-cp312-win_amd64.whl (200 kB)
Using cached idna-3.20-py3-none-any.whl (69 kB)
Using cached starlette-1.6.0-py3-none-any.whl (75 kB)
Using cached toml-0.10.2-py2.py3-none-any.whl (16 kB)
Using cached urllib3-2.8.0-py3-none-any.whl (135 kB)
Using cached uvicorn-0.53.0-py3-none-any.whl (87 kB)
Using cached watchdog-6.0.0-py3-none-win_amd64.whl (79 kB)
Downloading websockets-16.1.1-cp312-cp312-win_amd64.whl (180 kB)
Using cached certifi-2026.7.22-py3-none-any.whl (136 kB)
Using cached h11-0.16.0-py3-none-any.whl (37 kB)
Using cached joblib-1.6.0-py3-none-any.whl (306 kB)
Using cached cloudpickle-3.1.2-py3-none-any.whl (22 kB)
Using cached jsonschema-4.26.0-py3-none-any.whl (90 kB)
Using cached attrs-26.1.0-py3-none-any.whl (67 kB)
Using cached jsonschema_specifications-2025.9.1-py3-none-any.whl (18 kB)
Using cached narwhals-2.26.0-py3-none-any.whl (474 kB)
Using cached packaging-26.3-py3-none-any.whl (129 kB)
Using cached python_dateutil-2.9.0.post0-py2.py3-none-any.whl (229 kB)
Using cached pytz-2026.3.post1-py2.py3-none-any.whl (508 kB)
Using cached referencing-0.37.0-py3-none-any.whl (26 kB)
Downloading rpds_py-2026.6.3-cp312-cp312-win_amd64.whl (220 kB)
Using cached six-1.17.0-py2.py3-none-any.whl (11 kB)
Using cached threadpoolctl-3.7.0-py3-none-any.whl (26 kB)
Using cached tzdata-2026.4-py2.py3-none-any.whl (347 kB)
WARNING: Ignoring invalid distribution ~ip (C:\Users\khana\Downloads\BorrowerData_RealData_Prototype\BorrowerData\.venv\Lib\site-packages)
Installing collected packages: pytz, xlrd, websockets, watchdog, urllib3, tzdata, toml, threadpoolctl, six, rpds-py, python-multipart, pyarrow, protobuf, pillow, packaging, numpy, narwhals, itsdangerous, idna, httptools, h11, cloudpickle, click, charset_normalizer, certifi, attrs, uvicorn, scipy, requests, referencing, python-dateutil, pydeck, plotly, joblib, anyio, starlette, scikit-learn, pandas, jsonschema-specifications, jsonschema, altair, streamlit

WARNING: Ignoring invalid distribution ~ip (C:\Users\khana\Downloads\BorrowerData_RealData_Prototype\BorrowerData\.venv\Lib\site-packages)
Successfully installed altair-6.3.0 anyio-4.15.1 attrs-26.1.0 certifi-2026.7.22 charset_normalizer-3.5.1 click-8.5.0 cloudpickle-3.1.2 h11-0.16.0 httptools-0.8.0 idna-3.20 itsdangerous-2.2.0 joblib-1.6.0 jsonschema-4.26.0 jsonschema-specifications-2025.9.1 narwhals-2.26.0 numpy-2.5.3 packaging-26.3 pandas-2.3.3 pillow-12.3.0 plotly-7.1.0 protobuf-7.36.2 pyarrow-25.0.1 pydeck-0.9.3 python-dateutil-2.9.0.post0 python-multipart-0.0.32 pytz-2026.3.post1 referencing-0.37.0 requests-2.34.2 rpds-py-2026.6.3 scikit-learn-1.9.1 scipy-1.18.1 six-1.17.0 starlette-1.6.0 streamlit-1.64.0 threadpoolctl-3.7.0 toml-0.10.2 tzdata-2026.4 urllib3-2.8.0 uvicorn-0.53.0 watchdog-6.0.0 websockets-16.1.1 xlrd-2.0.2
